PHP Warning:  require_once(C:\xampp\htdocs\vendigbox.c-onlineweb.net/db_config.php): Failed to open stream: No such file or directory in C:\xampp\htdocs\vendigbox.c-onlineweb.net\cron_corte_automatico.php on line 22
PHP Fatal error:  Uncaught Error: Failed opening required 'C:\xampp\htdocs\vendigbox.c-onlineweb.net/db_config.php' (include_path='C:\xampp\php\PEAR') in C:\xampp\htdocs\vendigbox.c-onlineweb.net\cron_corte_automatico.php:22
Stack trace:
#0 {main}
  thrown in C:\xampp\htdocs\vendigbox.c-onlineweb.net\cron_corte_automatico.php on line 22
PHP Warning:  require_once(C:\xampp\htdocs\vendigbox.c-onlineweb.net/db_config.php): Failed to open stream: No such file or directory in C:\xampp\htdocs\vendigbox.c-onlineweb.net\cron_corte_automatico.php on line 22
PHP Fatal error:  Uncaught Error: Failed opening required 'C:\xampp\htdocs\vendigbox.c-onlineweb.net/db_config.php' (include_path='C:\xampp\php\PEAR') in C:\xampp\htdocs\vendigbox.c-onlineweb.net\cron_corte_automatico.php:22
Stack trace:
#0 {main}
  thrown in C:\xampp\htdocs\vendigbox.c-onlineweb.net\cron_corte_automatico.php on line 22
PHP Warning:  require_once(C:\xampp\htdocs\vendigbox.c-onlineweb.net/db_config.php): Failed to open stream: No such file or directory in C:\xampp\htdocs\vendigbox.c-onlineweb.net\cron_corte_automatico.php on line 22
PHP Fatal error:  Uncaught Error: Failed opening required 'C:\xampp\htdocs\vendigbox.c-onlineweb.net/db_config.php' (include_path='C:\xampp\php\PEAR') in C:\xampp\htdocs\vendigbox.c-onlineweb.net\cron_corte_automatico.php:22
Stack trace:
#0 {main}
  thrown in C:\xampp\htdocs\vendigbox.c-onlineweb.net\cron_corte_automatico.php on line 22
PHP Warning:  require_once(C:\xampp\htdocs\vendigbox.c-onlineweb.net/db_config.php): Failed to open stream: No such file or directory in C:\xampp\htdocs\vendigbox.c-onlineweb.net\cron_corte_automatico.php on line 22
PHP Fatal error:  Uncaught Error: Failed opening required 'C:\xampp\htdocs\vendigbox.c-onlineweb.net/db_config.php' (include_path='C:\xampp\php\PEAR') in C:\xampp\htdocs\vendigbox.c-onlineweb.net\cron_corte_automatico.php:22
Stack trace:
#0 {main}
  thrown in C:\xampp\htdocs\vendigbox.c-onlineweb.net\cron_corte_automatico.php on line 22
PHP Warning:  require_once(C:\xampp\htdocs\vendigbox.c-onlineweb.net/db_config.php): Failed to open stream: No such file or directory in C:\xampp\htdocs\vendigbox.c-onlineweb.net\cron_corte_automatico.php on line 22
PHP Fatal error:  Uncaught Error: Failed opening required 'C:\xampp\htdocs\vendigbox.c-onlineweb.net/db_config.php' (include_path='C:\xampp\php\PEAR') in C:\xampp\htdocs\vendigbox.c-onlineweb.net\cron_corte_automatico.php:22
Stack trace:
#0 {main}
  thrown in C:\xampp\htdocs\vendigbox.c-onlineweb.net\cron_corte_automatico.php on line 22
PHP Warning:  require_once(C:\xampp\htdocs\vendigbox.c-onlineweb.net/db_config.php): Failed to open stream: No such file or directory in C:\xampp\htdocs\vendigbox.c-onlineweb.net\cron_corte_automatico.php on line 22
PHP Fatal error:  Uncaught Error: Failed opening required 'C:\xampp\htdocs\vendigbox.c-onlineweb.net/db_config.php' (include_path='C:\xampp\php\PEAR') in C:\xampp\htdocs\vendigbox.c-onlineweb.net\cron_corte_automatico.php:22
Stack trace:
#0 {main}
  thrown in C:\xampp\htdocs\vendigbox.c-onlineweb.net\cron_corte_automatico.php on line 22
PHP Warning:  require_once(C:\xampp\htdocs\vendigbox.c-onlineweb.net/db_config.php): Failed to open stream: No such file or directory in C:\xampp\htdocs\vendigbox.c-onlineweb.net\cron_corte_automatico.php on line 22
PHP Fatal error:  Uncaught Error: Failed opening required 'C:\xampp\htdocs\vendigbox.c-onlineweb.net/db_config.php' (include_path='C:\xampp\php\PEAR') in C:\xampp\htdocs\vendigbox.c-onlineweb.net\cron_corte_automatico.php:22
Stack trace:
#0 {main}
  thrown in C:\xampp\htdocs\vendigbox.c-onlineweb.net\cron_corte_automatico.php on line 22
PHP Warning:  require_once(C:\xampp\htdocs\vendigbox.c-onlineweb.net/db_config.php): Failed to open stream: No such file or directory in C:\xampp\htdocs\vendigbox.c-onlineweb.net\cron_corte_automatico.php on line 22
PHP Fatal error:  Uncaught Error: Failed opening required 'C:\xampp\htdocs\vendigbox.c-onlineweb.net/db_config.php' (include_path='C:\xampp\php\PEAR') in C:\xampp\htdocs\vendigbox.c-onlineweb.net\cron_corte_automatico.php:22
Stack trace:
#0 {main}
  thrown in C:\xampp\htdocs\vendigbox.c-onlineweb.net\cron_corte_automatico.php on line 22
PHP Warning:  require_once(C:\xampp\htdocs\vendigbox.c-onlineweb.net/db_config.php): Failed to open stream: No such file or directory in C:\xampp\htdocs\vendigbox.c-onlineweb.net\cron_corte_automatico.php on line 22
PHP Fatal error:  Uncaught Error: Failed opening required 'C:\xampp\htdocs\vendigbox.c-onlineweb.net/db_config.php' (include_path='C:\xampp\php\PEAR') in C:\xampp\htdocs\vendigbox.c-onlineweb.net\cron_corte_automatico.php:22
Stack trace:
#0 {main}
  thrown in C:\xampp\htdocs\vendigbox.c-onlineweb.net\cron_corte_automatico.php on line 22
PHP Warning:  require_once(C:\xampp\htdocs\vendigbox.c-onlineweb.net/db_config.php): Failed to open stream: No such file or directory in C:\xampp\htdocs\vendigbox.c-onlineweb.net\cron_corte_automatico.php on line 22
PHP Fatal error:  Uncaught Error: Failed opening required 'C:\xampp\htdocs\vendigbox.c-onlineweb.net/db_config.php' (include_path='C:\xampp\php\PEAR') in C:\xampp\htdocs\vendigbox.c-onlineweb.net\cron_corte_automatico.php:22
Stack trace:
#0 {main}
  thrown in C:\xampp\htdocs\vendigbox.c-onlineweb.net\cron_corte_automatico.php on line 22
PHP Warning:  require_once(C:\xampp\htdocs\vendigbox.c-onlineweb.net/db_config.php): Failed to open stream: No such file or directory in C:\xampp\htdocs\vendigbox.c-onlineweb.net\cron_corte_automatico.php on line 22
PHP Fatal error:  Uncaught Error: Failed opening required 'C:\xampp\htdocs\vendigbox.c-onlineweb.net/db_config.php' (include_path='C:\xampp\php\PEAR') in C:\xampp\htdocs\vendigbox.c-onlineweb.net\cron_corte_automatico.php:22
Stack trace:
#0 {main}
  thrown in C:\xampp\htdocs\vendigbox.c-onlineweb.net\cron_corte_automatico.php on line 22
PHP Warning:  require_once(C:\xampp\htdocs\vendigbox.c-onlineweb.net/db_config.php): Failed to open stream: No such file or directory in C:\xampp\htdocs\vendigbox.c-onlineweb.net\cron_corte_automatico.php on line 22
PHP Fatal error:  Uncaught Error: Failed opening required 'C:\xampp\htdocs\vendigbox.c-onlineweb.net/db_config.php' (include_path='C:\xampp\php\PEAR') in C:\xampp\htdocs\vendigbox.c-onlineweb.net\cron_corte_automatico.php:22
Stack trace:
#0 {main}
  thrown in C:\xampp\htdocs\vendigbox.c-onlineweb.net\cron_corte_automatico.php on line 22
PHP Warning:  require_once(C:\xampp\htdocs\vendigbox.c-onlineweb.net/db_config.php): Failed to open stream: No such file or directory in C:\xampp\htdocs\vendigbox.c-onlineweb.net\cron_corte_automatico.php on line 22
PHP Fatal error:  Uncaught Error: Failed opening required 'C:\xampp\htdocs\vendigbox.c-onlineweb.net/db_config.php' (include_path='C:\xampp\php\PEAR') in C:\xampp\htdocs\vendigbox.c-onlineweb.net\cron_corte_automatico.php:22
Stack trace:
#0 {main}
  thrown in C:\xampp\htdocs\vendigbox.c-onlineweb.net\cron_corte_automatico.php on line 22
PHP Warning:  require_once(C:\xampp\htdocs\vendigbox.c-onlineweb.net/db_config.php): Failed to open stream: No such file or directory in C:\xampp\htdocs\vendigbox.c-onlineweb.net\cron_corte_automatico.php on line 22
PHP Fatal error:  Uncaught Error: Failed opening required 'C:\xampp\htdocs\vendigbox.c-onlineweb.net/db_config.php' (include_path='C:\xampp\php\PEAR') in C:\xampp\htdocs\vendigbox.c-onlineweb.net\cron_corte_automatico.php:22
Stack trace:
#0 {main}
  thrown in C:\xampp\htdocs\vendigbox.c-onlineweb.net\cron_corte_automatico.php on line 22
PHP Warning:  require_once(C:\xampp\htdocs\vendigbox.c-onlineweb.net/db_config.php): Failed to open stream: No such file or directory in C:\xampp\htdocs\vendigbox.c-onlineweb.net\cron_corte_automatico.php on line 22
PHP Fatal error:  Uncaught Error: Failed opening required 'C:\xampp\htdocs\vendigbox.c-onlineweb.net/db_config.php' (include_path='C:\xampp\php\PEAR') in C:\xampp\htdocs\vendigbox.c-onlineweb.net\cron_corte_automatico.php:22
Stack trace:
#0 {main}
  thrown in C:\xampp\htdocs\vendigbox.c-onlineweb.net\cron_corte_automatico.php on line 22
PHP Warning:  require_once(C:\xampp\htdocs\vendigbox.c-onlineweb.net/db_config.php): Failed to open stream: No such file or directory in C:\xampp\htdocs\vendigbox.c-onlineweb.net\cron_corte_automatico.php on line 22
PHP Fatal error:  Uncaught Error: Failed opening required 'C:\xampp\htdocs\vendigbox.c-onlineweb.net/db_config.php' (include_path='C:\xampp\php\PEAR') in C:\xampp\htdocs\vendigbox.c-onlineweb.net\cron_corte_automatico.php:22
Stack trace:
#0 {main}
  thrown in C:\xampp\htdocs\vendigbox.c-onlineweb.net\cron_corte_automatico.php on line 22
PHP Warning:  require_once(C:\xampp\htdocs\vendigbox.c-onlineweb.net/db_config.php): Failed to open stream: No such file or directory in C:\xampp\htdocs\vendigbox.c-onlineweb.net\cron_corte_automatico.php on line 22
PHP Fatal error:  Uncaught Error: Failed opening required 'C:\xampp\htdocs\vendigbox.c-onlineweb.net/db_config.php' (include_path='C:\xampp\php\PEAR') in C:\xampp\htdocs\vendigbox.c-onlineweb.net\cron_corte_automatico.php:22
Stack trace:
#0 {main}
  thrown in C:\xampp\htdocs\vendigbox.c-onlineweb.net\cron_corte_automatico.php on line 22
PHP Warning:  require_once(C:\xampp\htdocs\vendigbox.c-onlineweb.net/db_config.php): Failed to open stream: No such file or directory in C:\xampp\htdocs\vendigbox.c-onlineweb.net\cron_corte_automatico.php on line 22
PHP Fatal error:  Uncaught Error: Failed opening required 'C:\xampp\htdocs\vendigbox.c-onlineweb.net/db_config.php' (include_path='C:\xampp\php\PEAR') in C:\xampp\htdocs\vendigbox.c-onlineweb.net\cron_corte_automatico.php:22
Stack trace:
#0 {main}
  thrown in C:\xampp\htdocs\vendigbox.c-onlineweb.net\cron_corte_automatico.php on line 22
PHP Warning:  require_once(C:\xampp\htdocs\vendigbox.c-onlineweb.net/db_config.php): Failed to open stream: No such file or directory in C:\xampp\htdocs\vendigbox.c-onlineweb.net\cron_corte_automatico.php on line 22
PHP Fatal error:  Uncaught Error: Failed opening required 'C:\xampp\htdocs\vendigbox.c-onlineweb.net/db_config.php' (include_path='C:\xampp\php\PEAR') in C:\xampp\htdocs\vendigbox.c-onlineweb.net\cron_corte_automatico.php:22
Stack trace:
#0 {main}
  thrown in C:\xampp\htdocs\vendigbox.c-onlineweb.net\cron_corte_automatico.php on line 22
PHP Warning:  require_once(C:\xampp\htdocs\vendigbox.c-onlineweb.net/db_config.php): Failed to open stream: No such file or directory in C:\xampp\htdocs\vendigbox.c-onlineweb.net\cron_corte_automatico.php on line 22
PHP Fatal error:  Uncaught Error: Failed opening required 'C:\xampp\htdocs\vendigbox.c-onlineweb.net/db_config.php' (include_path='C:\xampp\php\PEAR') in C:\xampp\htdocs\vendigbox.c-onlineweb.net\cron_corte_automatico.php:22
Stack trace:
#0 {main}
  thrown in C:\xampp\htdocs\vendigbox.c-onlineweb.net\cron_corte_automatico.php on line 22
PHP Warning:  require_once(C:\xampp\htdocs\vendigbox.c-onlineweb.net/db_config.php): Failed to open stream: No such file or directory in C:\xampp\htdocs\vendigbox.c-onlineweb.net\cron_corte_automatico.php on line 22
PHP Fatal error:  Uncaught Error: Failed opening required 'C:\xampp\htdocs\vendigbox.c-onlineweb.net/db_config.php' (include_path='C:\xampp\php\PEAR') in C:\xampp\htdocs\vendigbox.c-onlineweb.net\cron_corte_automatico.php:22
Stack trace:
#0 {main}
  thrown in C:\xampp\htdocs\vendigbox.c-onlineweb.net\cron_corte_automatico.php on line 22
PHP Warning:  require_once(C:\xampp\htdocs\vendigbox.c-onlineweb.net/db_config.php): Failed to open stream: No such file or directory in C:\xampp\htdocs\vendigbox.c-onlineweb.net\cron_corte_automatico.php on line 22
PHP Fatal error:  Uncaught Error: Failed opening required 'C:\xampp\htdocs\vendigbox.c-onlineweb.net/db_config.php' (include_path='C:\xampp\php\PEAR') in C:\xampp\htdocs\vendigbox.c-onlineweb.net\cron_corte_automatico.php:22
Stack trace:
#0 {main}
  thrown in C:\xampp\htdocs\vendigbox.c-onlineweb.net\cron_corte_automatico.php on line 22
PHP Warning:  require_once(C:\xampp\htdocs\vendigbox.c-onlineweb.net/db_config.php): Failed to open stream: No such file or directory in C:\xampp\htdocs\vendigbox.c-onlineweb.net\cron_corte_automatico.php on line 22
PHP Fatal error:  Uncaught Error: Failed opening required 'C:\xampp\htdocs\vendigbox.c-onlineweb.net/db_config.php' (include_path='C:\xampp\php\PEAR') in C:\xampp\htdocs\vendigbox.c-onlineweb.net\cron_corte_automatico.php:22
Stack trace:
#0 {main}
  thrown in C:\xampp\htdocs\vendigbox.c-onlineweb.net\cron_corte_automatico.php on line 22
PHP Warning:  require_once(C:\xampp\htdocs\vendigbox.c-onlineweb.net/db_config.php): Failed to open stream: No such file or directory in C:\xampp\htdocs\vendigbox.c-onlineweb.net\cron_corte_automatico.php on line 22
PHP Fatal error:  Uncaught Error: Failed opening required 'C:\xampp\htdocs\vendigbox.c-onlineweb.net/db_config.php' (include_path='C:\xampp\php\PEAR') in C:\xampp\htdocs\vendigbox.c-onlineweb.net\cron_corte_automatico.php:22
Stack trace:
#0 {main}
  thrown in C:\xampp\htdocs\vendigbox.c-onlineweb.net\cron_corte_automatico.php on line 22
PHP Warning:  require_once(C:\xampp\htdocs\vendigbox.c-onlineweb.net/db_config.php): Failed to open stream: No such file or directory in C:\xampp\htdocs\vendigbox.c-onlineweb.net\cron_corte_automatico.php on line 22
PHP Fatal error:  Uncaught Error: Failed opening required 'C:\xampp\htdocs\vendigbox.c-onlineweb.net/db_config.php' (include_path='C:\xampp\php\PEAR') in C:\xampp\htdocs\vendigbox.c-onlineweb.net\cron_corte_automatico.php:22
Stack trace:
#0 {main}
  thrown in C:\xampp\htdocs\vendigbox.c-onlineweb.net\cron_corte_automatico.php on line 22
PHP Warning:  require_once(C:\xampp\htdocs\vendigbox.c-onlineweb.net/db_config.php): Failed to open stream: No such file or directory in C:\xampp\htdocs\vendigbox.c-onlineweb.net\cron_corte_automatico.php on line 22
PHP Fatal error:  Uncaught Error: Failed opening required 'C:\xampp\htdocs\vendigbox.c-onlineweb.net/db_config.php' (include_path='C:\xampp\php\PEAR') in C:\xampp\htdocs\vendigbox.c-onlineweb.net\cron_corte_automatico.php:22
Stack trace:
#0 {main}
  thrown in C:\xampp\htdocs\vendigbox.c-onlineweb.net\cron_corte_automatico.php on line 22
