[10-Nov-2025 19:50:13 Europe/Berlin] PHP Fatal error:  Uncaught Error: Cannot use a scalar value as an array in C:\xampp\htdocs\vendigbox.c-onlineweb.net\admin\dist\CorteCaja.class.php:159
Stack trace:
#0 C:\xampp\htdocs\vendigbox.c-onlineweb.net\admin\dist\cortes_caja_ajax.php(78): CorteCaja->cerrarCaja(1, 34343.0, '34243242')
#1 {main}
  thrown in C:\xampp\htdocs\vendigbox.c-onlineweb.net\admin\dist\CorteCaja.class.php on line 159
[10-Nov-2025 19:56:43 Europe/Berlin] PHP Deprecated:  number_format(): Passing null to parameter #1 ($num) of type float is deprecated in C:\xampp\htdocs\vendigbox.c-onlineweb.net\admin\dist\cortes_caja_ajax.php on line 175
[10-Nov-2025 19:56:43 Europe/Berlin] PHP Deprecated:  number_format(): Passing null to parameter #1 ($num) of type float is deprecated in C:\xampp\htdocs\vendigbox.c-onlineweb.net\admin\dist\cortes_caja_ajax.php on line 183
[10-Nov-2025 20:59:47 Europe/Berlin] PHP Fatal error:  Uncaught mysqli_sql_exception: Unknown column 'v.id' in 'on clause' in C:\xampp\htdocs\vendigbox.c-onlineweb.net\admin\dist\cortes_caja_ajax.php:267
Stack trace:
#0 C:\xampp\htdocs\vendigbox.c-onlineweb.net\admin\dist\cortes_caja_ajax.php(267): mysqli->prepare('SELECT m.*, u.n...')
#1 {main}
  thrown in C:\xampp\htdocs\vendigbox.c-onlineweb.net\admin\dist\cortes_caja_ajax.php on line 267
[10-Nov-2025 20:59:55 Europe/Berlin] PHP Fatal error:  Uncaught mysqli_sql_exception: Unknown column 'v.id' in 'on clause' in C:\xampp\htdocs\vendigbox.c-onlineweb.net\admin\dist\cortes_caja_ajax.php:267
Stack trace:
#0 C:\xampp\htdocs\vendigbox.c-onlineweb.net\admin\dist\cortes_caja_ajax.php(267): mysqli->prepare('SELECT m.*, u.n...')
#1 {main}
  thrown in C:\xampp\htdocs\vendigbox.c-onlineweb.net\admin\dist\cortes_caja_ajax.php on line 267
[10-Nov-2025 21:00:05 Europe/Berlin] PHP Fatal error:  Uncaught mysqli_sql_exception: Unknown column 'v.id' in 'on clause' in C:\xampp\htdocs\vendigbox.c-onlineweb.net\admin\dist\cortes_caja_ajax.php:267
Stack trace:
#0 C:\xampp\htdocs\vendigbox.c-onlineweb.net\admin\dist\cortes_caja_ajax.php(267): mysqli->prepare('SELECT m.*, u.n...')
#1 {main}
  thrown in C:\xampp\htdocs\vendigbox.c-onlineweb.net\admin\dist\cortes_caja_ajax.php on line 267
[10-Nov-2025 21:00:07 Europe/Berlin] PHP Fatal error:  Uncaught mysqli_sql_exception: Unknown column 'v.id' in 'on clause' in C:\xampp\htdocs\vendigbox.c-onlineweb.net\admin\dist\cortes_caja_ajax.php:267
Stack trace:
#0 C:\xampp\htdocs\vendigbox.c-onlineweb.net\admin\dist\cortes_caja_ajax.php(267): mysqli->prepare('SELECT m.*, u.n...')
#1 {main}
  thrown in C:\xampp\htdocs\vendigbox.c-onlineweb.net\admin\dist\cortes_caja_ajax.php on line 267
[10-Nov-2025 21:00:09 Europe/Berlin] PHP Fatal error:  Uncaught mysqli_sql_exception: Unknown column 'v.id' in 'on clause' in C:\xampp\htdocs\vendigbox.c-onlineweb.net\admin\dist\cortes_caja_ajax.php:267
Stack trace:
#0 C:\xampp\htdocs\vendigbox.c-onlineweb.net\admin\dist\cortes_caja_ajax.php(267): mysqli->prepare('SELECT m.*, u.n...')
#1 {main}
  thrown in C:\xampp\htdocs\vendigbox.c-onlineweb.net\admin\dist\cortes_caja_ajax.php on line 267
[10-Nov-2025 21:00:11 Europe/Berlin] PHP Fatal error:  Uncaught mysqli_sql_exception: Unknown column 'v.id' in 'on clause' in C:\xampp\htdocs\vendigbox.c-onlineweb.net\admin\dist\cortes_caja_ajax.php:267
Stack trace:
#0 C:\xampp\htdocs\vendigbox.c-onlineweb.net\admin\dist\cortes_caja_ajax.php(267): mysqli->prepare('SELECT m.*, u.n...')
#1 {main}
  thrown in C:\xampp\htdocs\vendigbox.c-onlineweb.net\admin\dist\cortes_caja_ajax.php on line 267
[10-Nov-2025 21:00:14 Europe/Berlin] PHP Fatal error:  Uncaught mysqli_sql_exception: Unknown column 'v.id' in 'on clause' in C:\xampp\htdocs\vendigbox.c-onlineweb.net\admin\dist\cortes_caja_ajax.php:267
Stack trace:
#0 C:\xampp\htdocs\vendigbox.c-onlineweb.net\admin\dist\cortes_caja_ajax.php(267): mysqli->prepare('SELECT m.*, u.n...')
#1 {main}
  thrown in C:\xampp\htdocs\vendigbox.c-onlineweb.net\admin\dist\cortes_caja_ajax.php on line 267
[10-Nov-2025 21:00:16 Europe/Berlin] PHP Fatal error:  Uncaught mysqli_sql_exception: Unknown column 'v.id' in 'on clause' in C:\xampp\htdocs\vendigbox.c-onlineweb.net\admin\dist\cortes_caja_ajax.php:267
Stack trace:
#0 C:\xampp\htdocs\vendigbox.c-onlineweb.net\admin\dist\cortes_caja_ajax.php(267): mysqli->prepare('SELECT m.*, u.n...')
#1 {main}
  thrown in C:\xampp\htdocs\vendigbox.c-onlineweb.net\admin\dist\cortes_caja_ajax.php on line 267
[10-Nov-2025 21:00:18 Europe/Berlin] PHP Fatal error:  Uncaught mysqli_sql_exception: Unknown column 'v.id' in 'on clause' in C:\xampp\htdocs\vendigbox.c-onlineweb.net\admin\dist\cortes_caja_ajax.php:267
Stack trace:
#0 C:\xampp\htdocs\vendigbox.c-onlineweb.net\admin\dist\cortes_caja_ajax.php(267): mysqli->prepare('SELECT m.*, u.n...')
#1 {main}
  thrown in C:\xampp\htdocs\vendigbox.c-onlineweb.net\admin\dist\cortes_caja_ajax.php on line 267
[10-Nov-2025 21:00:20 Europe/Berlin] PHP Fatal error:  Uncaught mysqli_sql_exception: Unknown column 'v.id' in 'on clause' in C:\xampp\htdocs\vendigbox.c-onlineweb.net\admin\dist\cortes_caja_ajax.php:267
Stack trace:
#0 C:\xampp\htdocs\vendigbox.c-onlineweb.net\admin\dist\cortes_caja_ajax.php(267): mysqli->prepare('SELECT m.*, u.n...')
#1 {main}
  thrown in C:\xampp\htdocs\vendigbox.c-onlineweb.net\admin\dist\cortes_caja_ajax.php on line 267
[10-Nov-2025 21:00:22 Europe/Berlin] PHP Fatal error:  Uncaught mysqli_sql_exception: Unknown column 'v.id' in 'on clause' in C:\xampp\htdocs\vendigbox.c-onlineweb.net\admin\dist\cortes_caja_ajax.php:267
Stack trace:
#0 C:\xampp\htdocs\vendigbox.c-onlineweb.net\admin\dist\cortes_caja_ajax.php(267): mysqli->prepare('SELECT m.*, u.n...')
#1 {main}
  thrown in C:\xampp\htdocs\vendigbox.c-onlineweb.net\admin\dist\cortes_caja_ajax.php on line 267
[10-Nov-2025 21:00:24 Europe/Berlin] PHP Fatal error:  Uncaught mysqli_sql_exception: Unknown column 'v.id' in 'on clause' in C:\xampp\htdocs\vendigbox.c-onlineweb.net\admin\dist\cortes_caja_ajax.php:267
Stack trace:
#0 C:\xampp\htdocs\vendigbox.c-onlineweb.net\admin\dist\cortes_caja_ajax.php(267): mysqli->prepare('SELECT m.*, u.n...')
#1 {main}
  thrown in C:\xampp\htdocs\vendigbox.c-onlineweb.net\admin\dist\cortes_caja_ajax.php on line 267
[10-Nov-2025 21:00:26 Europe/Berlin] PHP Fatal error:  Uncaught mysqli_sql_exception: Unknown column 'v.id' in 'on clause' in C:\xampp\htdocs\vendigbox.c-onlineweb.net\admin\dist\cortes_caja_ajax.php:267
Stack trace:
#0 C:\xampp\htdocs\vendigbox.c-onlineweb.net\admin\dist\cortes_caja_ajax.php(267): mysqli->prepare('SELECT m.*, u.n...')
#1 {main}
  thrown in C:\xampp\htdocs\vendigbox.c-onlineweb.net\admin\dist\cortes_caja_ajax.php on line 267
[10-Nov-2025 21:09:07 Europe/Berlin] PHP Fatal error:  Uncaught mysqli_sql_exception: Unknown column 'vd.id' in 'order clause' in C:\xampp\htdocs\vendigbox.c-onlineweb.net\admin\dist\cortes_caja_ajax.php:285
Stack trace:
#0 C:\xampp\htdocs\vendigbox.c-onlineweb.net\admin\dist\cortes_caja_ajax.php(285): mysqli->prepare('SELECT vd.*, p....')
#1 {main}
  thrown in C:\xampp\htdocs\vendigbox.c-onlineweb.net\admin\dist\cortes_caja_ajax.php on line 285
[10-Nov-2025 21:51:00 Europe/Berlin] PHP Deprecated:  number_format(): Passing null to parameter #1 ($num) of type float is deprecated in C:\xampp\htdocs\vendigbox.c-onlineweb.net\admin\dist\cortes_caja_ajax.php on line 175
[10-Nov-2025 21:51:00 Europe/Berlin] PHP Deprecated:  number_format(): Passing null to parameter #1 ($num) of type float is deprecated in C:\xampp\htdocs\vendigbox.c-onlineweb.net\admin\dist\cortes_caja_ajax.php on line 183
[10-Nov-2025 21:51:14 Europe/Berlin] PHP Deprecated:  number_format(): Passing null to parameter #1 ($num) of type float is deprecated in C:\xampp\htdocs\vendigbox.c-onlineweb.net\admin\dist\cortes_caja_ajax.php on line 175
[10-Nov-2025 21:51:14 Europe/Berlin] PHP Deprecated:  number_format(): Passing null to parameter #1 ($num) of type float is deprecated in C:\xampp\htdocs\vendigbox.c-onlineweb.net\admin\dist\cortes_caja_ajax.php on line 183
[10-Nov-2025 21:59:12 Europe/Berlin] PHP Deprecated:  number_format(): Passing null to parameter #1 ($num) of type float is deprecated in C:\xampp\htdocs\vendigbox.c-onlineweb.net\admin\dist\cortes_caja_ajax.php on line 175
[10-Nov-2025 21:59:12 Europe/Berlin] PHP Deprecated:  number_format(): Passing null to parameter #1 ($num) of type float is deprecated in C:\xampp\htdocs\vendigbox.c-onlineweb.net\admin\dist\cortes_caja_ajax.php on line 183
[11-Nov-2025 17:29:41 Europe/Berlin] Error al obtener comandas del corte: Table 'vending.detalle_ventas' doesn't exist
[11-Nov-2025 17:30:06 Europe/Berlin] Error al obtener comandas del corte: Table 'vending.detalle_ventas' doesn't exist
[11-Nov-2025 17:31:27 Europe/Berlin] Error al obtener comandas del corte: Table 'vending.detalle_ventas' doesn't exist
[11-Nov-2025 17:32:47 Europe/Berlin] Error al obtener comandas del corte: Table 'vending.detalle_ventas' doesn't exist
[11-Nov-2025 17:34:41 Europe/Berlin] Error al obtener comandas del corte: Table 'vending.detalle_ventas' doesn't exist
[11-Nov-2025 17:35:14 Europe/Berlin] Error al obtener comandas del corte: Table 'vending.detalle_ventas' doesn't exist
[11-Nov-2025 17:35:38 Europe/Berlin] Error al obtener comandas del corte: Table 'vending.detalle_ventas' doesn't exist
[11-Nov-2025 17:35:51 Europe/Berlin] Error al obtener comandas del corte: Table 'vending.detalle_ventas' doesn't exist
[11-Nov-2025 17:36:14 Europe/Berlin] Error al obtener comandas del corte: Table 'vending.detalle_ventas' doesn't exist
[11-Nov-2025 18:13:14 Europe/Berlin] Error al obtener comandas del corte: Table 'vending.detalle_ventas' doesn't exist
[11-Nov-2025 18:14:07 Europe/Berlin] Error al obtener comandas del corte: Table 'vending.detalle_ventas' doesn't exist
[11-Nov-2025 18:15:55 Europe/Berlin] Error al obtener comandas del corte: Table 'vending.detalle_ventas' doesn't exist
[11-Nov-2025 18:17:04 Europe/Berlin] Error al obtener comandas del corte: Table 'vending.detalle_ventas' doesn't exist
[11-Nov-2025 18:17:43 Europe/Berlin] Error al obtener comandas del corte: Table 'vending.detalle_ventas' doesn't exist
[11-Nov-2025 18:35:28 Europe/Berlin] Error al obtener comandas del corte: Table 'vending.detalle_ventas' doesn't exist
[11-Nov-2025 18:37:40 Europe/Berlin] Error al obtener comandas del corte: Table 'vending.detalle_ventas' doesn't exist
[11-Nov-2025 18:37:54 Europe/Berlin] Error al obtener comandas del corte: Table 'vending.detalle_ventas' doesn't exist
[11-Nov-2025 18:38:02 Europe/Berlin] Error al obtener comandas del corte: Table 'vending.detalle_ventas' doesn't exist
[11-Nov-2025 18:38:12 Europe/Berlin] Error al obtener comandas del corte: Table 'vending.detalle_ventas' doesn't exist
[11-Nov-2025 18:38:42 Europe/Berlin] Error al obtener comandas del corte: Table 'vending.detalle_ventas' doesn't exist
[11-Nov-2025 18:41:18 Europe/Berlin] Error al obtener comandas del corte: Table 'vending.detalle_ventas' doesn't exist
[11-Nov-2025 18:41:27 Europe/Berlin] Error al obtener comandas del corte: Table 'vending.detalle_ventas' doesn't exist
[11-Nov-2025 18:46:02 Europe/Berlin] Error al obtener comandas del corte: Table 'vending.detalle_ventas' doesn't exist
[11-Nov-2025 18:46:30 Europe/Berlin] Error al obtener comandas del corte: Table 'vending.detalle_ventas' doesn't exist
[11-Nov-2025 18:46:39 Europe/Berlin] Error al obtener comandas del corte: Table 'vending.detalle_ventas' doesn't exist
[11-Nov-2025 18:48:32 Europe/Berlin] Error al obtener comandas del corte: Table 'vending.detalle_ventas' doesn't exist
[17-Mar-2026 14:22:39 America/Mexico_City] 🌍 Ambiente detectado: CPANEL
[17-Mar-2026 14:22:39 America/Mexico_City] ✅ Conectado a BD CPANEL
[17-Mar-2026 14:22:39 America/Mexico_City] ℹ️ En cPanel - No se necesita conexión externa
[17-Mar-2026 14:22:39 America/Mexico_City] ☁️ Usando BD CPANEL en hosting
[17-Mar-2026 14:22:39 America/Mexico_City] === DEBUG DATABASE CONNECTION ===
[17-Mar-2026 14:22:39 America/Mexico_City] 🌍 Ambiente detectado: CPANEL
[17-Mar-2026 14:22:39 America/Mexico_City] 🔗 Usando: CPANEL
[17-Mar-2026 14:22:39 America/Mexico_City] 🏠 Es local: NO
[17-Mar-2026 14:22:39 America/Mexico_City] 📡 Respaldo disponible: NO
[17-Mar-2026 14:22:39 America/Mexico_City] === END DEBUG ===
[17-Mar-2026 14:22:39 America/Mexico_City] ✅ Test de conexión exitoso
[17-Mar-2026 14:22:39 America/Mexico_City] PHP Fatal error:  Uncaught Error: Call to a member function bind_param() on bool in /home/colegos/vending.colegos.com.mx/admin/dist/CorteCaja.class.php:165
Stack trace:
#0 /home/colegos/vending.colegos.com.mx/admin/dist/cortes_caja_ajax.php(68): CorteCaja->iniciarCaja()
#1 {main}
  thrown in /home/colegos/vending.colegos.com.mx/admin/dist/CorteCaja.class.php on line 165
[17-Mar-2026 14:22:43 America/Mexico_City] 🌍 Ambiente detectado: CPANEL
[17-Mar-2026 14:22:43 America/Mexico_City] ✅ Conectado a BD CPANEL
[17-Mar-2026 14:22:43 America/Mexico_City] ℹ️ En cPanel - No se necesita conexión externa
[17-Mar-2026 14:22:43 America/Mexico_City] ☁️ Usando BD CPANEL en hosting
[17-Mar-2026 14:22:43 America/Mexico_City] === DEBUG DATABASE CONNECTION ===
[17-Mar-2026 14:22:43 America/Mexico_City] 🌍 Ambiente detectado: CPANEL
[17-Mar-2026 14:22:43 America/Mexico_City] 🔗 Usando: CPANEL
[17-Mar-2026 14:22:43 America/Mexico_City] 🏠 Es local: NO
[17-Mar-2026 14:22:43 America/Mexico_City] 📡 Respaldo disponible: NO
[17-Mar-2026 14:22:43 America/Mexico_City] === END DEBUG ===
[17-Mar-2026 14:22:43 America/Mexico_City] ✅ Test de conexión exitoso
[17-Mar-2026 14:22:43 America/Mexico_City] PHP Fatal error:  Uncaught Error: Call to a member function bind_param() on bool in /home/colegos/vending.colegos.com.mx/admin/dist/CorteCaja.class.php:165
Stack trace:
#0 /home/colegos/vending.colegos.com.mx/admin/dist/cortes_caja_ajax.php(68): CorteCaja->iniciarCaja()
#1 {main}
  thrown in /home/colegos/vending.colegos.com.mx/admin/dist/CorteCaja.class.php on line 165
