[2026-04-30 17:23:21] [INIT] ========================================
[2026-04-30 17:23:21] [INIT] 🚀 COM5 MANAGER - PROCESO PADRE
[2026-04-30 17:23:21] [INIT] ========================================
[2026-04-30 17:23:21] [INIT] 🆔 PID del Manager: 16688
[2026-04-30 17:23:21] [INIT] 📝 Script PowerShell creado: C:\xampp\htdocs\vendingbox.online\sistema/com5_ps_manager.ps1
[2026-04-30 17:23:21] [INIT] 🎯 Iniciando proceso PowerShell...
[2026-04-30 17:23:21] [DEBUG] 📡 Comando: powershell.exe -NoProfile -NonInteractive -ExecutionPolicy Bypass -File "C:\xampp\htdocs\vendingbox.online\sistema/com5_ps_manager.ps1" -CommandQueueFile "C:\xampp\htdocs\vendingbox.online\sistema/admin/dist/logs/com5_commands.queue" -LogFile "C:\xampp\htdocs\vendingbox.online\sistema/admin/dist/logs/com5_manager.log"
[2026-04-30 17:23:21] [INIT] ✅ PowerShell Manager iniciado
[2026-04-30 17:23:21] [INIT] 🔓 Puerto COM5 bajo control del PADRE
[2026-04-30 17:23:21] [INIT] 📥 Aceptador: ACTIVO
[2026-04-30 17:23:21] [INIT] 📤 Dispensador: LISTO
[2026-04-30 17:23:21] [INIT] ========================================
[2026-04-30 17:23:21] [INIT] ✨ Sistema operativo - Presiona Ctrl+C para detener
[2026-04-30 17:27:05] [INIT] ========================================
[2026-04-30 17:27:05] [INIT] 🚀 COM5 MANAGER - PROCESO PADRE
[2026-04-30 17:27:05] [INIT] ========================================
[2026-04-30 17:27:05] [INIT] 🆔 PID del Manager: 16012
[2026-04-30 17:27:05] [INIT] 📝 Script PowerShell creado: C:\xampp\htdocs\vendingbox.online\sistema/com5_ps_manager.ps1
[2026-04-30 17:27:05] [INIT] 🎯 Iniciando proceso PowerShell...
[2026-04-30 17:27:05] [DEBUG] 📡 Comando: powershell.exe -NoProfile -NonInteractive -ExecutionPolicy Bypass -File "C:\xampp\htdocs\vendingbox.online\sistema/com5_ps_manager.ps1" -CommandQueueFile "C:\xampp\htdocs\vendingbox.online\sistema/admin/dist/logs/com5_commands.queue" -LogFile "C:\xampp\htdocs\vendingbox.online\sistema/admin/dist/logs/com5_manager.log"
[2026-04-30 17:27:05] [INIT] ✅ PowerShell Manager iniciado
[2026-04-30 17:27:05] [INIT] 🔓 Puerto COM5 bajo control del PADRE
[2026-04-30 17:27:05] [INIT] 📥 Aceptador: ACTIVO
[2026-04-30 17:27:05] [INIT] 📤 Dispensador: LISTO
[2026-04-30 17:27:05] [INIT] ========================================
[2026-04-30 17:27:05] [INIT] ✨ Sistema operativo - Presiona Ctrl+C para detener
