[2026-01-21 17:04:54] Puerto: COM5, Baudrate: 9600, Comando: TEST
[2026-01-21 17:05:37] Puerto: COM5, Baudrate: 9600, Comando: TEST
[2026-01-21 17:05:56] Puerto: COM5, Baudrate: 9600, Comando: TEST
[2026-01-21 17:06:01] Puerto: COM5, Baudrate: 9600, Comando: INT0000001
[2026-01-21 17:06:13] Puerto: COM5, Baudrate: 9600, Comando: STATUS
[2026-01-21 17:06:15] Puerto: COM5, Baudrate: 9600, Comando: RESET
[2026-01-21 17:06:17] Puerto: COM5, Baudrate: 9600, Comando: ENABLE
[2026-01-21 17:08:46] PUERTO ABIERTO: COM5 @ 9600 baud
[2026-01-21 17:08:50] CMD: INT0000001 -> COM5
[2026-01-21 17:08:57] CMD: 0D0A -> COM5
[2026-01-21 17:09:27] CMD: STATUS -> COM5
[2026-01-21 17:09:35] CMD: ENABLE -> COM5
[2026-01-21 17:12:49] PUERTO ABIERTO: COM5 @ 9600 baud, Terminador: crlf, HEX: NO
[2026-01-21 17:12:52] CMD: INT0000001 -> Procesado: 494e54303030303030310d0a -> COM5
[2026-01-21 17:13:29] PUERTO ABIERTO: COM5 @ 9600 baud, Terminador: crlf, HEX: NO
[2026-01-21 17:13:35] CMD: INT0000001 -> Procesado: 494e54303030303030310d0a -> COM5
[2026-01-21 17:13:47] CMD: 0D0A -> Procesado: 304430410d0a -> COM5
[2026-01-21 17:15:02] PUERTO ABIERTO: COM5 @ 9600 baud, Terminador: crlf, HEX: NO
[2026-01-21 17:17:55] CMD: STATUS -> Procesado: 5354415455530d0a -> COM5
[2026-01-21 19:08:09] PUERTO ABIERTO: COM5 @ 9600 baud, Terminador: crlf, HEX: NO
[2026-01-21 19:08:13] CMD: INT0000001 -> Procesado: 494e54303030303030310d0a -> COM5
[2026-01-21 20:48:29] PUERTO ABIERTO: COM5 @ 9600 baud, Terminador: crlf, HEX: NO
[2026-01-21 20:48:31] CMD: INT0000001 -> Procesado: 494e54303030303030310d0a -> COM5
[2026-01-22 20:51:12] PUERTO ABIERTO: COM5 @ 9600 baud, Terminador: crlf, HEX: NO
[2026-01-22 20:51:13] CMD: INT0000001 -> Procesado: 494e54303030303030310d0a -> COM5
[2026-01-27 19:07:34] PUERTO ABIERTO: COM5 @ 9600 baud, Terminador: crlf, HEX: NO
[2026-01-27 19:07:37] CMD: INT0000001 -> Procesado: 494e54303030303030310d0a -> COM5
[2026-01-27 19:08:08] CMD: INT0000001 -> Procesado: 494e54303030303030310d0a -> COM5
[2026-01-27 19:09:11] CMD: INT0000001 -> Procesado: 494e54303030303030310d0a -> COM5
[2026-01-27 21:53:46] PUERTO ABIERTO: COM5 @ 9600 baud, Terminador: crlf, HEX: NO
[2026-01-27 21:53:51] CMD: INT0000001 -> Procesado: 494e54303030303030310d0a -> COM5
[2026-01-27 21:55:25] CMD: INT0000001 -> Procesado: 494e54303030303030310d0a -> COM5
[2026-01-28 17:20:38] PUERTO ABIERTO: COM5 @ 9600 baud, Terminador: crlf, HEX: NO
[2026-01-28 17:20:39] CMD: INT0000001 -> Procesado: 494e54303030303030310d0a -> COM5
[2026-01-28 18:00:13] CMD: INT0000001 -> Procesado: 494e54303030303030310d0a -> COM5
[2026-01-28 18:19:55] CMD: INT0000001 -> Procesado: 494e54303030303030310d0a -> COM5
[2026-01-28 18:19:59] CMD: INT0000001 -> Procesado: 494e54303030303030310d0a -> COM5
[2026-01-28 18:32:03] CMD: 0D0A -> Procesado: 304430410d0a -> COM5
[2026-01-28 18:33:11] PUERTO ABIERTO: COM5 @ 9600 baud, Terminador: crlf, HEX: NO
[2026-01-28 18:33:12] CMD: INT0000001 -> Procesado: 494e54303030303030310d0a -> COM5
[2026-01-28 18:33:31] PUERTO CERRADO: COM5
[2026-01-28 18:34:42] PUERTO ABIERTO: COM5 @ 9600 baud, Terminador: crlf, HEX: NO
[2026-01-28 18:34:43] CMD: INT0000001 -> Procesado: 494e54303030303030310d0a -> COM5
[2026-02-03 16:18:08] PUERTO ABIERTO: COM5 @ 9600 baud, Terminador: crlf, HEX: NO
[2026-02-03 16:18:10] CMD: INT0000001 -> Procesado: 494e54303030303030310d0a -> COM5
[2026-02-03 16:18:25] CMD: INT0000001 -> Procesado: 494e54303030303030310d0a -> COM5
[2026-02-03 16:19:09] CMD: INT0000001 -> Procesado: 494e54303030303030310d0a -> COM5
[2026-02-03 16:19:19] CMD: INT0000001 -> Procesado: 494e54303030303030310d0a -> COM5
[2026-02-03 17:41:04] PUERTO ABIERTO: COM5 @ 9600 baud, Terminador: crlf, HEX: NO
[2026-02-03 17:41:05] CMD: INT0000001 -> Procesado: 494e54303030303030310d0a -> COM5
[2026-02-03 20:49:35] PUERTO ABIERTO: COM5 @ 9600 baud, Terminador: crlf, HEX: NO
[2026-02-03 20:49:36] CMD: INT0000001 -> Procesado: 494e54303030303030310d0a -> COM5
[2026-02-03 20:49:47] PUERTO CERRADO: COM5
[2026-02-05 18:36:13] PUERTO ABIERTO: COM5 @ 9600 baud, Terminador: crlf, HEX: NO
[2026-02-05 18:36:15] CMD: INT0000001 -> Procesado: 494e54303030303030310d0a -> COM5
[2026-02-05 18:36:27] PUERTO CERRADO: COM5
[2026-02-09 16:54:31] PUERTO ABIERTO: COM5 @ 9600 baud, Terminador: crlf, HEX: NO
[2026-02-09 16:54:33] CMD: INT0000001 -> Procesado: 494e54303030303030310d0a -> COM5
[2026-02-09 16:56:04] CMD: INT0000001 -> Procesado: 494e54303030303030310d0a -> COM5
[2026-02-09 16:56:54] CMD: INT0000001 -> Procesado: 494e54303030303030310d0a -> COM5
[2026-02-09 16:57:29] CMD: INT0000001 -> Procesado: 494e54303030303030310d0a -> COM5
[2026-02-09 18:22:20] PUERTO CERRADO: COM5
[2026-02-09 18:22:39] PUERTO ABIERTO: COM5 @ 9600 baud, Terminador: crlf, HEX: NO
[2026-02-09 18:22:40] PUERTO CERRADO: COM5
