[2026-04-30 20:24:05] [INIT] ========================================
[2026-04-30 20:24:05] [INIT] 🚀 COM5 MANAGER - PROCESO PADRE
[2026-04-30 20:24:05] [INIT] ========================================
[2026-04-30 20:24:05] [INIT] 🆔 PID del Manager: 7644
[2026-04-30 20:24:05] [INIT] Script PowerShell creado: C:\xampp\htdocs\vendingbox.online\sistema/com5_ps_manager.ps1
[2026-04-30 20:24:05] [INIT] 🎯 Iniciando proceso PowerShell...
[2026-04-30 20:24:06] [INIT] Procesos PS anteriores terminados
[2026-04-30 20:24:06] [DEBUG] 📡 Comando: powershell.exe -NoProfile -NonInteractive -ExecutionPolicy Bypass -File "C:\xampp\htdocs\vendingbox.online\sistema/com5_ps_manager.ps1" -CommandQueueFile "C:\xampp\htdocs\vendingbox.online\sistema/admin/dist/logs/com5_commands.queue" -LogFile "C:\xampp\htdocs\vendingbox.online\sistema/admin/dist/logs/monedero_listener.log"
[2026-04-30 20:24:06] [INIT] ✅ PowerShell Manager iniciado
[2026-04-30 20:24:06] [INIT] 🔓 Puerto COM5 bajo control del PADRE
[2026-04-30 20:24:06] [INIT] 📥 Aceptador: ACTIVO
[2026-04-30 20:24:06] [INIT] 📤 Dispensador: LISTO
[2026-04-30 20:24:06] [INIT] ========================================
[2026-04-30 20:24:06] [INIT] ✨ Sistema operativo - Presiona Ctrl+C para detener
[2026-04-30 14:24:07] [PS] Iniciando loop principal...
[2026-04-30 14:24:07] [PS] Abriendo COM5...
[2026-04-30 14:24:07] [PS] COM5 ABIERTO y aceptador HABILITADO
[2026-04-30 14:24:07] [PS] RX: INT0000001
[2026-04-30 14:24:28] [PS] RX: INT000A018
[2026-04-30 14:24:28] [PS] MONEDA DETECTADA: 10
[2026-04-30 14:24:28] [PS] SALDO: 0 + 10 = 10
[2026-04-30 14:24:28] [PS] INVENTARIO: +10 pesos -> total=10
[2026-04-30 14:24:30] [PS] RX: INT000A018
[2026-04-30 14:24:30] [PS] MONEDA DETECTADA: 10
[2026-04-30 14:24:30] [PS] SALDO: 10 + 10 = 20
[2026-04-30 14:24:30] [PS] INVENTARIO: +10 pesos -> total=20
[2026-04-30 14:24:32] [PS] RX: INT000A018
[2026-04-30 14:24:32] [PS] MONEDA DETECTADA: 10
[2026-04-30 14:24:32] [PS] SALDO: 20 + 10 = 30
[2026-04-30 14:24:32] [PS] INVENTARIO: +10 pesos -> total=30
[2026-04-30 14:24:36] [PS] RX: INT0005018
[2026-04-30 14:24:36] [PS] MONEDA DETECTADA: 5
[2026-04-30 14:24:36] [PS] SALDO: 30 + 5 = 35
[2026-04-30 14:24:36] [PS] INVENTARIO: +5 pesos -> total=35
[2026-04-30 14:24:37] [PS] HEARTBEAT - Puerto activo
[2026-04-30 14:24:41] [PS] RX: INT0001018
[2026-04-30 14:24:41] [PS] MONEDA DETECTADA: 1
[2026-04-30 14:24:41] [PS] SALDO: 35 + 1 = 36
[2026-04-30 14:24:41] [PS] INVENTARIO: +1 pesos -> total=36
[2026-04-30 14:24:42] [PS] RX: INT0001018
[2026-04-30 14:24:42] [PS] MONEDA DETECTADA: 1
[2026-04-30 14:24:42] [PS] SALDO: 36 + 1 = 37
[2026-04-30 14:24:42] [PS] INVENTARIO: +1 pesos -> total=37
[2026-04-30 14:24:43] [PS] RX: INT0001018
[2026-04-30 14:24:43] [PS] MONEDA DETECTADA: 1
[2026-04-30 14:24:43] [PS] SALDO: 37 + 1 = 38
[2026-04-30 14:24:43] [PS] INVENTARIO: +1 pesos -> total=38
[2026-04-30 14:24:44] [PS] RX: INT0001018
[2026-04-30 14:24:44] [PS] MONEDA DETECTADA: 1
[2026-04-30 14:24:44] [PS] SALDO: 38 + 1 = 39
[2026-04-30 14:24:44] [PS] INVENTARIO: +1 pesos -> total=39
[2026-04-30 14:24:46] [PS] RX: INT0001018
[2026-04-30 14:24:46] [PS] MONEDA DETECTADA: 1
[2026-04-30 14:24:46] [PS] SALDO: 39 + 1 = 40
[2026-04-30 14:24:46] [PS] INVENTARIO: +1 pesos -> total=40
[2026-04-30 14:24:47] [PS] RX: INT0001018
[2026-04-30 14:24:47] [PS] MONEDA DETECTADA: 1
[2026-04-30 14:24:47] [PS] SALDO: 40 + 1 = 41
[2026-04-30 14:24:47] [PS] INVENTARIO: +1 pesos -> total=41
[2026-04-30 14:24:51] [PS] RX: INT0001018
[2026-04-30 14:24:51] [PS] MONEDA DETECTADA: 1
[2026-04-30 14:24:51] [PS] SALDO: 41 + 1 = 42
[2026-04-30 14:24:51] [PS] INVENTARIO: +1 pesos -> total=42
[2026-04-30 14:24:52] [PS] RX: INT0001018
[2026-04-30 14:24:52] [PS] MONEDA DETECTADA: 1
[2026-04-30 14:24:52] [PS] SALDO: 42 + 1 = 43
[2026-04-30 14:24:52] [PS] INVENTARIO: +1 pesos -> total=43
[2026-04-30 14:24:55] [PS] RX: INT0002018
[2026-04-30 14:24:55] [PS] MONEDA DETECTADA: 2
[2026-04-30 14:24:55] [PS] SALDO: 43 + 2 = 45
[2026-04-30 14:24:55] [PS] INVENTARIO: +2 pesos -> total=45
[2026-04-30 14:24:56] [PS] RX: INT0002018
[2026-04-30 14:24:56] [PS] MONEDA DETECTADA: 2
[2026-04-30 14:24:56] [PS] SALDO: 45 + 2 = 47
[2026-04-30 14:24:56] [PS] INVENTARIO: +2 pesos -> total=47
[2026-04-30 14:25:07] [PS] HEARTBEAT - Puerto activo
[2026-04-30 14:25:37] [PS] HEARTBEAT - Puerto activo
[2026-04-30 14:25:49] [PS] DISPENSANDO: 5
[2026-04-30 14:25:49] [PS] DISPENSED: 5 (cmd=INT0005003)
[2026-04-30 14:25:49] [PS] DISPENSE_DONE: 5
[2026-04-30 14:25:50] [PS] RX: INT0000003
[2026-04-30 14:26:01] [PS] DISPENSANDO: 5
[2026-04-30 14:26:01] [PS] DISPENSED: 2 (cmd=INT0002003)
[2026-04-30 14:26:01] [PS] DISPENSED: 1 (cmd=INT0001003)
[2026-04-30 14:26:02] [PS] DISPENSED: 1 (cmd=INT0001003)
[2026-04-30 14:26:02] [PS] DISPENSED: 1 (cmd=INT0001003)
[2026-04-30 14:26:03] [PS] DISPENSE_DONE: 5
[2026-04-30 14:26:03] [PS] RX: INT0000003
[2026-04-30 14:26:03] [PS] RX: INT0000003
[2026-04-30 14:26:03] [PS] RX: INT0000003
[2026-04-30 14:26:03] [PS] RX: INT0000003
[2026-04-30 14:26:07] [PS] HEARTBEAT - Puerto activo
[2026-04-30 14:26:20] [PS] DISPENSANDO: 10
[2026-04-30 14:26:20] [PS] DISPENSED: 10 (cmd=INT000A003)
[2026-04-30 14:26:21] [PS] DISPENSE_DONE: 10
[2026-04-30 14:26:21] [PS] RX: INT0000003
[2026-04-30 14:26:26] [PS] DISPENSANDO: 10
[2026-04-30 14:26:26] [PS] DISPENSED: 10 (cmd=INT000A003)
[2026-04-30 14:26:27] [PS] DISPENSE_DONE: 10
[2026-04-30 14:26:27] [PS] RX: INT0000003
[2026-04-30 14:26:37] [PS] HEARTBEAT - Puerto activo
[2026-04-30 14:27:07] [PS] HEARTBEAT - Puerto activo
[2026-04-30 14:27:37] [PS] HEARTBEAT - Puerto activo
[2026-04-30 14:28:07] [PS] HEARTBEAT - Puerto activo
[2026-04-30 14:28:37] [PS] HEARTBEAT - Puerto activo
[2026-04-30 14:29:07] [PS] HEARTBEAT - Puerto activo
[2026-04-30 14:29:37] [PS] HEARTBEAT - Puerto activo
[2026-04-30 14:30:07] [PS] HEARTBEAT - Puerto activo
[2026-04-30 14:30:37] [PS] HEARTBEAT - Puerto activo
[2026-04-30 14:31:07] [PS] HEARTBEAT - Puerto activo
[2026-04-30 14:31:37] [PS] HEARTBEAT - Puerto activo
[2026-04-30 14:32:07] [PS] HEARTBEAT - Puerto activo
[2026-04-30 14:32:37] [PS] HEARTBEAT - Puerto activo
[2026-04-30 14:33:07] [PS] HEARTBEAT - Puerto activo
[2026-04-30 14:33:37] [PS] HEARTBEAT - Puerto activo
[2026-04-30 14:34:08] [PS] HEARTBEAT - Puerto activo
[2026-04-30 14:34:38] [PS] HEARTBEAT - Puerto activo
[2026-04-30 14:35:08] [PS] HEARTBEAT - Puerto activo
[2026-04-30 14:35:38] [PS] HEARTBEAT - Puerto activo
[2026-04-30 14:36:08] [PS] HEARTBEAT - Puerto activo
[2026-04-30 14:36:38] [PS] HEARTBEAT - Puerto activo
[2026-04-30 14:37:08] [PS] HEARTBEAT - Puerto activo
[2026-04-30 14:37:38] [PS] HEARTBEAT - Puerto activo
[2026-04-30 14:38:08] [PS] HEARTBEAT - Puerto activo
[2026-04-30 14:38:38] [PS] HEARTBEAT - Puerto activo
[2026-04-30 14:39:08] [PS] HEARTBEAT - Puerto activo
[2026-04-30 14:39:38] [PS] HEARTBEAT - Puerto activo
[2026-04-30 14:40:08] [PS] HEARTBEAT - Puerto activo
[2026-04-30 14:40:38] [PS] HEARTBEAT - Puerto activo
[2026-04-30 14:41:08] [PS] HEARTBEAT - Puerto activo
[2026-04-30 14:41:38] [PS] HEARTBEAT - Puerto activo
[2026-04-30 14:42:08] [PS] HEARTBEAT - Puerto activo
[2026-04-30 14:42:38] [PS] HEARTBEAT - Puerto activo
[2026-04-30 14:43:08] [PS] HEARTBEAT - Puerto activo
[2026-04-30 14:43:38] [PS] HEARTBEAT - Puerto activo
[2026-04-30 14:44:08] [PS] HEARTBEAT - Puerto activo
[2026-04-30 14:44:38] [PS] HEARTBEAT - Puerto activo
[2026-04-30 14:45:08] [PS] HEARTBEAT - Puerto activo
[2026-04-30 14:45:38] [PS] HEARTBEAT - Puerto activo
[2026-04-30 14:46:08] [PS] HEARTBEAT - Puerto activo
